OK
OK
OK
OK
OK
OK
-1
OK
6
5
OK
5
7
OK
-1
8
OK
OK
6
8
OK
-1
10
OK
OK
4
9
-1
OK
11
1
-1
9
