OK
OK
OK
OK
OK
OK
OK
OK
OK
OK
OK
7
4
3
OK
OK
OK
OK
7
11
-1
OK
OK
OK
OK
-1
14
-1
OK
OK
OK
OK
OK
-1
16
OK
OK
OK
OK
-1
-1
18
OK
OK
OK
OK
14
8
-1
OK
22
20
8
16
-1
-1
