OK
OK
OK
OK
OK
OK
5
OK
6
-1
OK
2
-1
OK
7
OK
OK
OK
OK
OK
10
12
OK
OK
OK
OK
OK
14
16
OK
OK
17
-1
OK
18
OK
-1
15
14
OK
10
OK
9
OK
-1
