OK
OK
OK
OK
OK
OK
6
OK
OK
3
OK
5
OK
OK
OK
OK
OK
OK
-1
OK
OK
10
OK
OK
8
OK
12
OK
9
OK
5
OK
-1
OK
OK
10
