OK
OK
OK
OK
OK
OK
OK
OK
OK
OK
OK
OK
OK
OK
OK
OK
OK
OK
16
4
-1
OK
OK
OK
OK
OK
OK
18
OK
OK
OK
OK
-1
7
-1
OK
OK
OK
OK
-1
-1
23
OK
OK
OK
OK
26
-1
19
OK
OK
OK
OK
27
28
-1
OK
OK
OK
OK
-1
28
-1
-1
30
19
