OK
OK
OK
OK
OK
OK
OK
OK
OK
OK
OK
OK
OK
OK
OK
OK
OK
OK
OK
-1
8
OK
OK
OK
OK
OK
22
-1
OK
OK
OK
OK
-1
22
-1
OK
OK
OK
OK
7
26
-1
OK
OK
OK
OK
18
23
21
OK
OK
OK
OK
-1
-1
-1
OK
OK
OK
OK
OK
OK
OK
OK
OK
OK
OK
34
-1
37
OK
OK
OK
OK
OK
OK
OK
OK
OK
OK
OK
OK
OK
OK
OK
OK
OK
OK
OK
48
OK
OK
OK
OK
56
54
19
OK
OK
-1
42
54
-1
54
-1
-1
