OK
OK
OK
OK
OK
OK
OK
OK
OK
OK
OK
OK
OK
OK
OK
OK
OK
OK
OK
OK
OK
OK
OK
OK
OK
OK
OK
OK
OK
OK
OK
OK
OK
OK
OK
OK
OK
OK
OK
OK
OK
OK
OK
OK
OK
OK
OK
OK
OK
OK
OK
OK
OK
-1
17
-1
OK
OK
OK
OK
13
-1
17
OK
OK
OK
OK
OK
OK
54
OK
OK
OK
OK
-1
-1
-1
OK
OK
OK
OK
OK
OK
30
OK
OK
OK
OK
57
43
-1
OK
OK
OK
OK
OK
-1
-1
OK
OK
OK
OK
OK
29
53
OK
OK
OK
OK
-1
22
-1
OK
OK
OK
OK
OK
OK
-1
OK
OK
OK
OK
-1
13
-1
OK
OK
OK
OK
13
-1
-1
OK
OK
OK
OK
-1
82
-1
OK
OK
OK
OK
-1
-1
73
OK
OK
OK
OK
OK
OK
OK
OK
OK
OK
OK
OK
OK
OK
OK
OK
OK
OK
OK
OK
OK
OK
OK
OK
OK
OK
63
96
OK
OK
OK
OK
-1
96
73
OK
OK
OK
OK
83
-1
88
OK
OK
OK
OK
36
-1
108
OK
OK
OK
OK
OK
-1
-1
OK
OK
OK
OK
OK
36
-1
OK
OK
OK
OK
OK
OK
OK
OK
OK
OK
OK
OK
OK
OK
OK
OK
OK
OK
OK
OK
OK
OK
OK
OK
OK
OK
OK
OK
OK
OK
OK
OK
OK
OK
-1
OK
OK
OK
OK
OK
OK
150
OK
OK
OK
OK
140
-1
127
OK
OK
OK
OK
137
144
137
OK
OK
OK
OK
159
-1
125
OK
OK
OK
OK
OK
-1
-1
OK
OK
OK
OK
-1
167
-1
OK
OK
OK
OK
OK
-1
-1
OK
OK
OK
OK
OK
OK
OK
OK
OK
OK
OK
OK
-1
177
OK
OK
OK
OK
112
171
-1
OK
OK
OK
OK
164
-1
160
OK
OK
OK
OK
OK
OK
-1
OK
OK
OK
OK
OK
OK
OK
OK
OK
OK
OK
OK
126
-1
OK
OK
OK
OK
OK
OK
OK
OK
OK
OK
OK
OK
OK
OK
OK
OK
OK
OK
OK
OK
OK
OK
OK
OK
OK
OK
OK
OK
OK
OK
OK
OK
OK
OK
OK
OK
OK
OK
OK
211
-1
-1
OK
OK
OK
OK
OK
OK
204
OK
OK
OK
OK
OK
OK
212
OK
OK
OK
OK
OK
204
-1
OK
OK
OK
OK
238
218
-1
OK
OK
OK
OK
OK
OK
OK
OK
OK
OK
OK
OK
OK
OK
OK
OK
OK
OK
OK
OK
OK
OK
OK
OK
OK
OK
OK
OK
OK
OK
OK
OK
-1
-1
264
OK
OK
OK
OK
OK
-1
249
OK
OK
OK
OK
-1
-1
270
OK
OK
OK
OK
OK
-1
264
OK
OK
OK
OK
OK
270
-1
OK
OK
OK
OK
OK
OK
OK
OK
OK
OK
OK
OK
OK
OK
OK
OK
OK
OK
OK
OK
OK
OK
OK
OK
OK
OK
OK
OK
OK
OK
OK
OK
OK
OK
OK
OK
OK
OK
OK
OK
OK
OK
OK
OK
OK
OK
OK
OK
OK
OK
OK
OK
OK
-1
-1
306
OK
OK
OK
OK
298
324
307
OK
OK
OK
OK
OK
OK
OK
OK
OK
OK
OK
OK
-1
-1
OK
OK
OK
OK
-1
312
-1
OK
OK
OK
OK
OK
OK
OK
OK
OK
OK
OK
-1
-1
-1
OK
OK
OK
OK
OK
OK
OK
OK
OK
OK
OK
OK
OK
OK
OK
OK
OK
OK
OK
-1
-1
OK
OK
OK
OK
340
331
358
OK
OK
OK
OK
OK
OK
-1
OK
OK
OK
OK
304
-1
295
OK
OK
OK
OK
OK
OK
OK
OK
OK
OK
OK
OK
OK
OK
OK
OK
OK
OK
349
381
352
OK
OK
OK
OK
OK
-1
-1
OK
OK
OK
OK
OK
-1
-1
OK
OK
OK
OK
-1
-1
393
OK
OK
OK
OK
OK
-1
323
OK
OK
OK
OK
OK
-1
378
OK
OK
OK
OK
OK
OK
OK
OK
OK
OK
OK
OK
OK
405
OK
OK
OK
OK
OK
OK
394
OK
OK
OK
OK
OK
OK
OK
OK
OK
OK
OK
OK
OK
OK
OK
OK
OK
OK
OK
-1
-1
OK
OK
OK
OK
-1
-1
394
OK
OK
OK
OK
-1
432
-1
OK
OK
OK
OK
OK
OK
396
OK
OK
OK
OK
OK
OK
OK
OK
OK
OK
OK
OK
OK
OK
OK
OK
OK
OK
OK
OK
OK
OK
OK
OK
OK
OK
-1
-1
OK
OK
OK
OK
OK
OK
OK
OK
OK
OK
OK
448
458
461
OK
OK
OK
OK
OK
OK
OK
OK
OK
OK
OK
-1
-1
477
OK
OK
OK
OK
478
-1
-1
OK
OK
OK
OK
-1
468
-1
OK
OK
OK
OK
-1
436
-1
OK
OK
OK
OK
479
475
477
OK
OK
OK
OK
OK
OK
OK
OK
OK
OK
OK
OK
OK
OK
OK
OK
OK
OK
OK
OK
OK
OK
OK
OK
OK
OK
OK
OK
OK
OK
OK
OK
OK
OK
OK
OK
OK
OK
OK
OK
OK
OK
OK
OK
OK
OK
528
520
-1
OK
OK
OK
OK
OK
-1
513
OK
OK
OK
OK
OK
OK
OK
OK
OK
OK
OK
OK
OK
OK
OK
OK
OK
OK
OK
541
-1
OK
OK
OK
OK
OK
-1
-1
OK
OK
OK
OK
OK
OK
OK
OK
OK
OK
OK
OK
-1
541
OK
OK
OK
OK
-1
550
-1
OK
OK
OK
OK
OK
OK
OK
OK
OK
OK
OK
OK
OK
OK
OK
OK
OK
OK
OK
OK
OK
OK
OK
OK
OK
OK
OK
OK
OK
OK
OK
OK
OK
OK
OK
OK
OK
OK
OK
OK
OK
-1
OK
OK
OK
OK
OK
OK
OK
OK
OK
OK
OK
OK
588
604
OK
OK
OK
OK
OK
OK
OK
OK
OK
OK
OK
OK
OK
OK
OK
OK
OK
OK
-1
-1
-1
OK
OK
OK
OK
-1
620
-1
OK
OK
OK
OK
581
592
622
OK
OK
OK
OK
-1
-1
621
OK
OK
OK
OK
619
-1
581
OK
OK
OK
OK
OK
631
626
OK
OK
OK
OK
OK
-1
-1
OK
OK
OK
OK
OK
637
618
OK
OK
OK
OK
OK
OK
OK
OK
OK
OK
OK
-1
616
-1
OK
OK
OK
OK
622
-1
-1
OK
OK
OK
OK
OK
OK
-1
OK
OK
OK
OK
-1
604
-1
OK
OK
OK
OK
-1
641
649
OK
OK
OK
OK
OK
-1
651
OK
OK
OK
OK
539
658
-1
OK
OK
OK
OK
-1
641
641
OK
OK
OK
OK
OK
-1
656
OK
OK
OK
OK
-1
630
645
OK
OK
OK
OK
665
654
-1
OK
OK
OK
OK
669
652
670
OK
OK
OK
OK
-1
664
665
OK
OK
OK
OK
OK
665
539
OK
OK
OK
OK
-1
674
-1
OK
OK
OK
OK
OK
OK
OK
OK
OK
OK
OK
OK
OK
OK
OK
OK
OK
OK
OK
OK
OK
OK
OK
OK
OK
OK
OK
OK
OK
OK
OK
OK
OK
-1
-1
OK
OK
OK
OK
683
-1
-1
OK
OK
OK
OK
OK
-1
-1
OK
OK
OK
OK
OK
-1
594
OK
OK
OK
OK
OK
OK
OK
OK
OK
OK
OK
OK
OK
OK
OK
OK
OK
OK
OK
699
-1
OK
OK
OK
OK
594
728
728
OK
OK
OK
OK
-1
720
-1
OK
OK
OK
OK
-1
-1
667
OK
OK
OK
OK
-1
-1
708
OK
OK
OK
OK
OK
OK
699
OK
OK
OK
OK
-1
-1
-1
OK
OK
OK
OK
-1
-1
733
OK
OK
OK
OK
-1
-1
-1
OK
OK
OK
OK
-1
721
-1
OK
OK
OK
OK
-1
747
-1
OK
OK
OK
OK
OK
OK
OK
OK
OK
OK
OK
OK
OK
721
OK
OK
OK
OK
747
756
-1
OK
OK
OK
OK
-1
762
-1
OK
OK
OK
OK
OK
OK
OK
OK
OK
OK
OK
OK
OK
OK
OK
OK
OK
OK
OK
OK
OK
OK
OK
OK
OK
OK
OK
OK
OK
OK
OK
OK
OK
OK
OK
OK
OK
OK
OK
OK
OK
OK
OK
OK
OK
OK
OK
OK
-1
OK
OK
OK
OK
-1
-1
-1
OK
OK
OK
OK
OK
OK
OK
OK
OK
OK
OK
-1
-1
772
OK
OK
OK
OK
810
772
796
OK
OK
OK
OK
795
-1
796
OK
OK
OK
OK
797
-1
-1
OK
OK
OK
OK
820
-1
-1
OK
OK
OK
OK
810
-1
794
OK
OK
OK
OK
OK
805
832
OK
OK
OK
OK
818
-1
823
OK
OK
OK
OK
-1
832
772
OK
OK
OK
OK
OK
834
-1
OK
OK
OK
OK
805
-1
-1
OK
OK
OK
OK
828
828
-1
OK
OK
OK
OK
OK
-1
850
OK
OK
OK
OK
OK
819
826
OK
OK
OK
OK
OK
OK
OK
OK
OK
OK
OK
OK
OK
OK
OK
OK
OK
OK
-1
863
828
OK
OK
OK
OK
OK
854
863
OK
OK
OK
OK
OK
-1
-1
OK
OK
OK
OK
OK
OK
OK
OK
OK
OK
OK
OK
OK
OK
OK
OK
OK
OK
OK
OK
OK
OK
OK
OK
OK
OK
OK
OK
OK
OK
OK
OK
OK
OK
OK
OK
OK
OK
OK
OK
OK
OK
OK
OK
OK
OK
OK
OK
OK
OK
OK
OK
OK
OK
OK
OK
OK
OK
OK
OK
910
906
-1
OK
OK
OK
OK
895
-1
887
OK
OK
OK
OK
912
-1
903
OK
OK
OK
OK
-1
-1
910
OK
OK
OK
OK
OK
OK
OK
OK
OK
OK
OK
OK
OK
OK
OK
OK
OK
OK
946
912
-1
OK
OK
OK
OK
OK
OK
OK
OK
OK
OK
OK
OK
OK
OK
OK
OK
OK
OK
OK
OK
OK
OK
OK
OK
OK
-1
-1
960
OK
OK
OK
OK
OK
OK
OK
OK
OK
OK
OK
OK
OK
972
OK
OK
OK
OK
OK
OK
OK
OK
OK
OK
OK
966
979
-1
OK
OK
OK
OK
-1
970
-1
OK
OK
OK
OK
OK
OK
OK
OK
OK
OK
OK
-1
-1
994
OK
OK
OK
OK
OK
-1
995
OK
OK
OK
OK
-1
-1
988
OK
OK
OK
OK
OK
OK
979
OK
OK
OK
OK
990
937
-1
OK
OK
OK
OK
OK
OK
OK
OK
OK
OK
OK
-1
-1
-1
OK
OK
OK
OK
OK
OK
OK
OK
OK
OK
OK
OK
OK
OK
OK
OK
OK
OK
OK
OK
OK
OK
OK
OK
OK
OK
OK
OK
OK
OK
OK
OK
OK
OK
OK
OK
OK
OK
OK
OK
OK
OK
OK
OK
OK
OK
OK
OK
OK
OK
OK
OK
OK
OK
OK
-1
OK
OK
OK
OK
OK
-1
-1
OK
OK
OK
OK
OK
OK
OK
OK
OK
OK
OK
OK
OK
OK
OK
OK
OK
OK
OK
OK
OK
OK
OK
OK
OK
OK
OK
OK
OK
OK
OK
OK
OK
OK
OK
OK
OK
OK
OK
OK
OK
OK
OK
OK
OK
OK
OK
OK
1102
OK
OK
OK
OK
-1
1096
-1
OK
OK
OK
OK
OK
1080
-1
OK
OK
OK
OK
OK
OK
OK
OK
OK
OK
OK
-1
1097
-1
OK
OK
OK
OK
1079
-1
-1
OK
OK
OK
OK
OK
1100
-1
OK
OK
OK
OK
-1
-1
-1
OK
OK
OK
OK
OK
-1
-1
OK
OK
OK
OK
-1
1107
1108
OK
OK
OK
OK
OK
1132
-1
OK
OK
OK
OK
-1
1123
-1
OK
OK
OK
OK
1123
1115
1085
OK
OK
OK
OK
OK
OK
OK
OK
OK
OK
OK
OK
-1
1133
OK
OK
OK
OK
-1
1153
1152
OK
OK
OK
OK
OK
OK
OK
OK
OK
OK
OK
OK
OK
OK
OK
OK
OK
OK
OK
OK
OK
OK
OK
OK
OK
1150
-1
1118
OK
OK
OK
OK
OK
OK
OK
OK
OK
OK
OK
OK
OK
OK
OK
OK
OK
OK
OK
OK
OK
OK
OK
OK
OK
OK
OK
OK
OK
OK
OK
OK
OK
OK
OK
OK
OK
OK
OK
OK
1203
-1
OK
OK
OK
OK
1185
-1
-1
OK
OK
OK
OK
OK
OK
OK
OK
OK
OK
OK
OK
OK
OK
OK
OK
OK
OK
OK
OK
OK
OK
OK
OK
OK
OK
OK
OK
OK
OK
OK
OK
OK
OK
OK
OK
OK
OK
OK
OK
-1
-1
OK
OK
OK
OK
OK
-1
-1
OK
OK
OK
OK
1254
1245
1244
OK
OK
OK
OK
OK
1253
-1
OK
OK
OK
OK
OK
-1
-1
OK
OK
OK
OK
-1
1207
-1
OK
OK
OK
OK
OK
-1
1247
OK
OK
OK
OK
-1
1262
-1
OK
OK
OK
OK
-1
1261
1230
OK
OK
OK
OK
1261
-1
-1
OK
OK
OK
OK
OK
-1
-1
OK
OK
OK
OK
1248
1207
-1
OK
OK
OK
OK
OK
OK
OK
OK
OK
OK
OK
-1
-1
1276
OK
OK
OK
OK
-1
1252
-1
OK
OK
OK
OK
OK
OK
OK
OK
OK
OK
OK
OK
OK
OK
OK
OK
OK
OK
OK
OK
OK
OK
OK
OK
OK
OK
OK
OK
OK
OK
OK
OK
OK
OK
OK
OK
OK
OK
OK
OK
OK
OK
OK
OK
OK
OK
OK
OK
OK
OK
OK
OK
OK
-1
-1
1320
OK
OK
OK
OK
1335
1305
1321
OK
OK
OK
OK
-1
1337
1317
OK
OK
OK
OK
OK
OK
OK
OK
OK
OK
OK
-1
-1
1317
OK
OK
OK
OK
-1
-1
1316
OK
OK
OK
OK
OK
-1
1350
OK
OK
OK
OK
1335
1343
1347
OK
OK
OK
OK
OK
OK
OK
OK
OK
OK
OK
OK
OK
OK
OK
OK
OK
OK
OK
1338
-1
OK
OK
OK
OK
OK
OK
OK
OK
OK
OK
OK
OK
OK
OK
OK
OK
OK
OK
-1
1377
-1
OK
OK
OK
OK
1382
-1
-1
OK
OK
OK
OK
OK
OK
OK
OK
OK
OK
OK
OK
-1
1347
OK
OK
OK
OK
-1
-1
-1
OK
OK
OK
OK
-1
1349
-1
OK
OK
OK
OK
-1
1368
-1
OK
OK
OK
OK
1396
-1
-1
OK
OK
OK
OK
1382
1376
-1
OK
OK
OK
OK
1349
1371
1400
OK
OK
OK
OK
-1
1403
-1
OK
OK
OK
OK
-1
1407
1407
OK
OK
OK
OK
-1
1364
-1
OK
OK
OK
OK
OK
1380
1351
OK
OK
OK
OK
OK
OK
OK
OK
OK
OK
OK
OK
OK
OK
OK
OK
OK
OK
OK
OK
1412
OK
OK
OK
OK
-1
1435
1418
OK
OK
OK
OK
-1
1423
1423
OK
OK
OK
OK
OK
OK
1440
OK
OK
OK
OK
OK
1432
-1
OK
OK
OK
OK
1437
-1
-1
OK
OK
OK
OK
OK
OK
OK
OK
OK
OK
OK
OK
OK
OK
OK
OK
OK
OK
OK
-1
1460
OK
OK
OK
OK
1464
-1
1448
OK
OK
OK
OK
OK
1444
1435
OK
OK
OK
OK
OK
OK
OK
OK
OK
OK
OK
OK
1474
-1
OK
OK
OK
OK
1480
1410
-1
OK
OK
OK
OK
-1
-1
1453
OK
OK
OK
OK
-1
1462
1384
OK
OK
OK
OK
1470
1435
-1
OK
OK
OK
OK
-1
1469
-1
OK
OK
OK
OK
-1
-1
-1
OK
OK
OK
OK
OK
OK
OK
OK
OK
OK
OK
OK
OK
OK
OK
OK
OK
OK
OK
OK
OK
OK
OK
OK
OK
OK
1486
1502
OK
OK
OK
OK
OK
OK
OK
OK
OK
OK
OK
OK
OK
OK
OK
OK
OK
OK
OK
OK
OK
OK
OK
OK
OK
-1
1533
1529
OK
OK
OK
OK
OK
OK
OK
OK
OK
OK
OK
OK
-1
1500
OK
OK
OK
OK
-1
1536
1522
OK
OK
OK
OK
1496
-1
-1
OK
OK
OK
OK
OK
1535
-1
OK
OK
OK
OK
1548
1540
1497
OK
OK
OK
OK
1535
1543
-1
OK
OK
OK
OK
OK
OK
OK
OK
OK
OK
OK
OK
OK
OK
OK
OK
OK
OK
-1
-1
1522
OK
OK
OK
OK
1560
-1
-1
OK
OK
OK
OK
OK
1540
1538
OK
OK
OK
OK
OK
OK
OK
OK
OK
OK
OK
OK
OK
-1
OK
OK
OK
OK
OK
1576
1580
OK
OK
OK
OK
OK
OK
OK
OK
OK
OK
OK
OK
1589
1568
OK
OK
OK
OK
OK
OK
OK
OK
OK
OK
OK
OK
OK
OK
OK
OK
OK
OK
OK
OK
OK
OK
OK
OK
OK
-1
1605
-1
OK
OK
OK
OK
OK
OK
OK
OK
OK
OK
OK
OK
OK
OK
OK
OK
OK
OK
OK
OK
OK
OK
OK
OK
OK
1625
-1
1611
OK
OK
OK
OK
OK
OK
OK
OK
OK
OK
OK
OK
-1
1636
OK
OK
OK
OK
-1
-1
1620
OK
OK
OK
OK
1631
-1
-1
OK
OK
OK
OK
OK
OK
-1
OK
OK
OK
OK
-1
1632
1624
OK
OK
OK
OK
OK
OK
OK
OK
OK
OK
OK
OK
-1
1657
OK
OK
OK
OK
-1
-1
-1
OK
OK
OK
OK
-1
-1
1641
OK
OK
OK
OK
1665
-1
-1
OK
OK
OK
OK
OK
OK
1672
OK
OK
OK
OK
OK
OK
OK
OK
OK
OK
OK
OK
OK
OK
OK
OK
OK
OK
1669
-1
1495
OK
OK
OK
OK
OK
OK
OK
OK
OK
OK
OK
1689
1677
-1
OK
OK
OK
OK
OK
OK
OK
OK
OK
OK
OK
OK
OK
OK
OK
OK
OK
OK
OK
1694
-1
OK
OK
OK
OK
OK
OK
OK
OK
OK
OK
OK
-1
1657
-1
OK
OK
OK
OK
1721
-1
1721
OK
OK
OK
OK
-1
1711
1706
OK
OK
OK
OK
-1
1657
-1
OK
OK
OK
OK
-1
-1
-1
OK
OK
OK
OK
OK
1711
-1
OK
OK
OK
OK
OK
OK
OK
OK
OK
OK
OK
OK
1711
1734
OK
OK
OK
OK
OK
OK
OK
OK
OK
OK
OK
OK
OK
1711
OK
OK
OK
OK
OK
-1
-1
OK
OK
OK
OK
OK
OK
OK
OK
OK
OK
OK
OK
OK
OK
OK
OK
OK
OK
OK
OK
OK
OK
OK
OK
OK
1776
-1
1761
OK
OK
OK
OK
1750
-1
-1
OK
OK
OK
OK
OK
OK
OK
OK
OK
OK
OK
OK
OK
OK
OK
OK
OK
OK
-1
1788
-1
OK
OK
OK
OK
OK
OK
OK
OK
OK
OK
OK
OK
-1
1784
OK
OK
OK
OK
1771
1793
1794
OK
OK
OK
OK
1804
1788
1784
OK
OK
OK
OK
OK
OK
OK
OK
OK
OK
OK
OK
OK
OK
OK
OK
OK
OK
OK
OK
OK
OK
OK
OK
OK
OK
OK
OK
OK
OK
OK
OK
OK
OK
OK
OK
OK
OK
OK
OK
-1
1831
OK
OK
OK
OK
OK
OK
OK
OK
OK
OK
OK
OK
OK
OK
OK
OK
OK
OK
OK
OK
OK
OK
OK
OK
OK
OK
OK
OK
OK
OK
OK
OK
OK
OK
OK
OK
OK
OK
OK
OK
OK
OK
OK
OK
OK
OK
OK
OK
1860
OK
OK
OK
OK
1878
-1
1885
OK
OK
OK
OK
OK
OK
OK
OK
OK
OK
OK
OK
OK
OK
OK
OK
OK
OK
OK
OK
OK
OK
OK
OK
OK
1913
-1
-1
OK
OK
OK
OK
-1
1900
-1
OK
OK
OK
OK
-1
1897
1916
OK
OK
OK
OK
-1
1914
1906
OK
OK
OK
OK
-1
-1
1876
OK
OK
OK
OK
OK
OK
OK
OK
OK
OK
OK
OK
OK
OK
OK
OK
OK
OK
OK
OK
OK
OK
OK
OK
OK
1910
-1
1921
OK
OK
OK
OK
OK
OK
OK
OK
OK
OK
OK
OK
OK
OK
OK
OK
OK
OK
OK
OK
OK
OK
OK
OK
OK
OK
OK
OK
OK
OK
OK
OK
OK
1961
-1
OK
OK
OK
OK
-1
1943
1946
OK
OK
OK
OK
OK
OK
OK
OK
OK
OK
OK
OK
OK
1920
OK
OK
OK
OK
OK
OK
OK
OK
OK
OK
OK
OK
1986
1982
OK
OK
OK
OK
OK
1996
-1
OK
OK
OK
OK
OK
OK
OK
OK
OK
OK
OK
OK
OK
OK
OK
OK
OK
OK
OK
-1
2012
OK
OK
OK
OK
-1
2007
-1
OK
OK
OK
OK
-1
1976
-1
OK
OK
OK
OK
1979
2005
-1
OK
OK
OK
OK
2001
1972
-1
OK
OK
OK
OK
2004
2004
-1
OK
OK
OK
OK
OK
OK
OK
OK
OK
OK
OK
OK
OK
OK
OK
OK
OK
OK
OK
2005
2034
OK
OK
OK
OK
OK
OK
2022
OK
OK
OK
OK
OK
OK
OK
OK
OK
OK
OK
-1
2000
2033
OK
OK
OK
OK
OK
-1
2040
OK
OK
OK
OK
-1
2010
2028
OK
OK
OK
OK
OK
OK
OK
OK
OK
OK
OK
OK
OK
-1
OK
OK
OK
OK
2040
-1
2035
OK
OK
OK
OK
OK
OK
OK
OK
OK
OK
OK
OK
OK
2017
OK
OK
OK
OK
-1
-1
-1
OK
OK
OK
OK
2077
2076
-1
OK
OK
OK
OK
2083
2074
-1
OK
OK
OK
OK
2081
-1
-1
OK
OK
OK
OK
OK
OK
OK
OK
OK
OK
OK
OK
OK
-1
OK
OK
OK
OK
OK
2083
-1
OK
OK
OK
OK
2096
2071
-1
OK
OK
OK
OK
-1
-1
-1
OK
OK
OK
OK
-1
-1
-1
OK
OK
OK
OK
-1
-1
-1
OK
OK
OK
OK
-1
-1
-1
OK
OK
OK
OK
2106
-1
2074
OK
OK
OK
OK
OK
OK
OK
OK
OK
OK
OK
OK
OK
OK
OK
OK
OK
OK
OK
OK
OK
OK
OK
OK
OK
OK
OK
OK
OK
OK
OK
OK
OK
-1
-1
OK
OK
OK
OK
OK
OK
OK
OK
OK
OK
OK
OK
OK
OK
OK
OK
OK
OK
OK
OK
OK
OK
OK
OK
OK
OK
-1
-1
OK
OK
OK
OK
2115
-1
2158
OK
OK
OK
OK
OK
OK
OK
OK
OK
OK
OK
OK
OK
OK
OK
OK
OK
OK
OK
OK
OK
OK
OK
OK
OK
OK
OK
OK
OK
OK
OK
OK
OK
OK
OK
OK
OK
OK
OK
OK
OK
OK
OK
OK
OK
OK
OK
OK
OK
OK
OK
OK
OK
OK
-1
2171
OK
OK
OK
OK
OK
OK
OK
OK
OK
OK
OK
OK
OK
2219
OK
OK
OK
OK
2216
2227
-1
OK
OK
OK
OK
-1
-1
-1
OK
OK
OK
OK
OK
OK
OK
OK
OK
OK
OK
OK
OK
2179
OK
OK
OK
OK
2231
-1
-1
OK
OK
OK
OK
OK
OK
OK
OK
OK
OK
OK
OK
OK
OK
OK
OK
OK
OK
OK
OK
OK
OK
OK
OK
OK
OK
OK
OK
OK
OK
OK
OK
OK
OK
OK
OK
OK
OK
OK
OK
OK
OK
OK
OK
OK
OK
OK
OK
OK
OK
OK
OK
OK
OK
OK
OK
OK
OK
OK
OK
OK
OK
OK
OK
OK
OK
OK
2273
2300
2306
OK
OK
OK
OK
OK
OK
OK
OK
OK
OK
OK
OK
-1
2292
OK
OK
OK
OK
OK
OK
OK
OK
OK
OK
OK
-1
2271
2277
OK
OK
OK
OK
2292
2293
-1
OK
OK
OK
OK
OK
2263
2315
OK
OK
OK
OK
OK
2326
-1
OK
OK
OK
OK
2315
2292
-1
OK
OK
OK
OK
OK
OK
OK
OK
OK
OK
OK
OK
OK
OK
OK
OK
OK
OK
-1
-1
2340
OK
OK
OK
OK
2349
-1
-1
OK
OK
OK
OK
2336
2303
-1
OK
OK
OK
OK
2335
2325
-1
OK
OK
OK
OK
2354
-1
2340
OK
OK
OK
OK
-1
2336
2335
OK
OK
OK
OK
OK
2320
2361
OK
OK
OK
OK
-1
-1
-1
OK
OK
OK
OK
-1
-1
2303
OK
OK
OK
OK
OK
2338
-1
OK
OK
OK
OK
OK
OK
OK
OK
OK
OK
OK
OK
OK
OK
OK
OK
OK
OK
OK
OK
OK
OK
OK
OK
OK
OK
OK
OK
OK
OK
OK
OK
OK
OK
OK
OK
OK
OK
OK
OK
OK
OK
OK
OK
OK
OK
OK
OK
OK
OK
OK
OK
OK
2416
-1
2410
OK
OK
OK
OK
2389
2398
2404
OK
OK
OK
OK
-1
-1
-1
OK
OK
OK
OK
OK
OK
-1
OK
OK
OK
OK
2426
2382
2397
OK
OK
OK
OK
OK
OK
OK
OK
OK
OK
OK
OK
-1
2398
OK
OK
OK
OK
-1
-1
-1
OK
OK
OK
OK
OK
-1
-1
OK
OK
OK
OK
OK
-1
-1
OK
OK
OK
OK
OK
OK
OK
OK
OK
OK
OK
OK
OK
OK
OK
OK
OK
OK
OK
OK
OK
OK
OK
OK
OK
-1
2462
-1
OK
OK
OK
OK
-1
2448
-1
OK
OK
OK
OK
OK
OK
OK
OK
OK
OK
OK
OK
OK
OK
OK
OK
OK
OK
OK
OK
OK
OK
OK
OK
OK
OK
OK
OK
OK
OK
OK
OK
OK
OK
2477
OK
OK
OK
OK
OK
OK
OK
OK
OK
OK
OK
OK
OK
OK
OK
OK
OK
OK
OK
OK
OK
OK
OK
OK
OK
OK
OK
OK
OK
OK
OK
OK
OK
OK
OK
OK
OK
OK
OK
OK
OK
OK
OK
OK
OK
OK
2530
2511
-1
OK
OK
OK
OK
OK
OK
OK
OK
OK
OK
OK
OK
OK
OK
OK
OK
OK
OK
OK
OK
OK
OK
OK
OK
OK
OK
OK
-1
OK
OK
OK
OK
OK
2542
2555
OK
OK
OK
OK
2542
2554
-1
OK
OK
OK
OK
OK
OK
OK
OK
OK
OK
OK
OK
OK
OK
OK
OK
OK
OK
OK
OK
OK
OK
OK
OK
OK
OK
OK
OK
OK
OK
OK
OK
OK
OK
OK
OK
OK
OK
OK
OK
OK
OK
OK
OK
OK
OK
OK
OK
OK
OK
OK
OK
OK
OK
OK
OK
OK
OK
OK
OK
OK
OK
OK
OK
OK
OK
OK
OK
-1
2615
OK
OK
OK
OK
OK
-1
-1
OK
OK
OK
OK
-1
-1
-1
OK
OK
OK
OK
OK
OK
OK
OK
OK
OK
OK
OK
OK
OK
OK
OK
OK
OK
OK
2645
2612
OK
OK
OK
OK
OK
OK
OK
OK
OK
OK
OK
OK
2640
2640
OK
OK
OK
OK
-1
-1
-1
OK
OK
OK
OK
OK
OK
2662
OK
OK
OK
OK
OK
-1
2650
OK
OK
OK
OK
-1
2659
-1
OK
OK
OK
OK
OK
2663
-1
OK
OK
OK
OK
OK
2668
-1
OK
OK
OK
OK
2672
2650
-1
OK
OK
OK
OK
2647
2676
-1
OK
OK
OK
OK
OK
OK
OK
OK
OK
OK
OK
OK
OK
OK
OK
OK
OK
OK
OK
OK
OK
OK
OK
OK
OK
OK
OK
OK
OK
OK
OK
OK
OK
OK
OK
OK
OK
OK
OK
OK
OK
OK
OK
OK
OK
OK
OK
OK
OK
OK
OK
OK
OK
OK
OK
OK
OK
OK
OK
OK
OK
OK
OK
OK
OK
OK
OK
OK
-1
-1
OK
OK
OK
OK
2727
-1
-1
OK
OK
OK
OK
2732
-1
2745
OK
OK
OK
OK
-1
-1
2748
OK
OK
OK
OK
-1
-1
-1
OK
OK
OK
OK
-1
2726
2735
OK
OK
OK
OK
OK
OK
OK
OK
OK
OK
OK
OK
OK
OK
OK
OK
OK
OK
OK
OK
OK
OK
OK
OK
OK
OK
OK
-1
OK
OK
OK
OK
-1
2783
2771
OK
OK
OK
OK
OK
OK
OK
OK
OK
OK
OK
-1
-1
-1
OK
OK
OK
OK
OK
OK
OK
OK
OK
OK
OK
OK
2787
-1
OK
OK
OK
OK
2787
2766
-1
OK
OK
OK
OK
-1
-1
-1
OK
OK
OK
OK
-1
2791
2762
OK
OK
OK
OK
OK
OK
OK
OK
OK
OK
OK
OK
OK
OK
OK
OK
OK
OK
OK
OK
OK
OK
OK
OK
OK
OK
OK
OK
OK
OK
OK
OK
OK
OK
-1
OK
OK
OK
OK
OK
OK
OK
OK
OK
OK
OK
2837
2802
-1
OK
OK
OK
OK
OK
OK
OK
OK
OK
OK
OK
-1
2834
2829
OK
OK
OK
OK
-1
-1
2851
OK
OK
OK
OK
2823
2837
2846
OK
OK
OK
OK
2846
2834
2827
OK
OK
OK
OK
OK
2851
-1
OK
OK
OK
OK
OK
OK
-1
OK
OK
OK
OK
-1
-1
2834
OK
OK
OK
OK
-1
2871
-1
OK
OK
OK
OK
2837
-1
2834
OK
OK
OK
OK
2829
2864
-1
OK
OK
OK
OK
2858
2864
-1
OK
OK
OK
OK
OK
OK
OK
OK
OK
OK
OK
OK
2883
2809
OK
OK
OK
OK
OK
2883
2864
OK
OK
OK
OK
OK
OK
OK
OK
OK
OK
OK
OK
OK
OK
OK
OK
OK
OK
OK
OK
OK
OK
OK
OK
OK
OK
OK
OK
OK
OK
OK
OK
OK
OK
OK
OK
OK
OK
OK
OK
OK
OK
OK
OK
OK
OK
OK
OK
OK
OK
OK
OK
OK
OK
OK
OK
OK
OK
OK
OK
OK
OK
OK
OK
OK
OK
OK
-1
2936
2947
OK
OK
OK
OK
-1
-1
-1
OK
OK
OK
OK
OK
2935
2929
OK
OK
OK
OK
OK
OK
OK
OK
OK
OK
OK
-1
-1
-1
OK
OK
OK
OK
2959
-1
2953
OK
OK
OK
OK
2965
-1
-1
OK
OK
OK
OK
OK
2969
-1
OK
OK
OK
OK
-1
-1
-1
OK
OK
OK
OK
OK
2948
-1
OK
OK
OK
OK
OK
OK
OK
OK
OK
OK
OK
OK
OK
OK
OK
OK
OK
OK
OK
OK
OK
OK
OK
OK
OK
OK
OK
OK
OK
OK
OK
OK
OK
2914
-1
OK
OK
OK
OK
-1
-1
-1
OK
OK
OK
OK
3001
-1
2966
OK
OK
OK
OK
OK
OK
OK
OK
OK
OK
OK
OK
OK
OK
OK
OK
OK
OK
OK
OK
OK
OK
OK
-1
-1
3026
-1
-1
3019
2967
3027
-1
-1
3019
-1
-1
-1
3028
-1
-1
3020
3011
-1
3019
3020
