OK
OK
OK
OK
OK
OK
6
OK
OK
-1
OK
OK
2
3
OK
OK
9
OK
OK
OK
9
OK
OK
-1
OK
10
-1
OK
OK
14
OK
OK
12
OK
OK
12
OK
OK
15
9
OK
OK
16
OK
3
OK
9
OK
10
