OK
OK
OK
OK
OK
OK
OK
OK
OK
OK
OK
OK
OK
OK
OK
OK
OK
OK
OK
OK
OK
OK
OK
OK
OK
OK
OK
OK
OK
OK
OK
OK
OK
-1
-1
OK
OK
OK
OK
OK
OK
OK
OK
OK
OK
OK
38
-1
-1
OK
OK
OK
OK
16
-1
37
OK
OK
OK
OK
4
-1
-1
OK
OK
OK
OK
-1
44
-1
OK
OK
OK
OK
18
14
42
OK
OK
OK
OK
8
14
-1
OK
OK
OK
OK
18
-1
-1
OK
OK
OK
OK
-1
49
10
OK
OK
OK
OK
OK
OK
17
OK
OK
OK
OK
-1
53
42
OK
OK
OK
OK
-1
-1
28
OK
OK
OK
OK
60
28
44
OK
OK
OK
OK
-1
-1
61
OK
OK
OK
OK
OK
OK
OK
OK
OK
OK
OK
OK
OK
OK
OK
OK
OK
OK
OK
OK
OK
OK
OK
OK
OK
OK
OK
OK
OK
OK
OK
OK
OK
77
-1
OK
OK
OK
OK
59
86
-1
OK
OK
OK
OK
OK
OK
OK
OK
OK
OK
OK
OK
79
-1
OK
OK
OK
OK
OK
OK
OK
OK
OK
OK
OK
OK
OK
90
OK
OK
OK
OK
OK
OK
OK
OK
OK
OK
OK
OK
OK
OK
OK
OK
OK
OK
OK
124
119
OK
OK
OK
OK
126
124
118
OK
OK
OK
OK
-1
124
103
OK
OK
OK
OK
OK
-1
124
OK
OK
OK
OK
-1
-1
131
OK
OK
OK
OK
135
-1
-1
OK
OK
OK
OK
132
-1
-1
OK
OK
OK
OK
138
-1
141
OK
OK
OK
OK
-1
143
-1
OK
OK
OK
OK
129
-1
-1
OK
OK
OK
OK
140
-1
141
OK
OK
OK
OK
-1
-1
-1
146
126
140
145
-1
149
-1
