OK
OK
OK
OK
OK
OK
OK
OK
OK
OK
OK
9
OK
8
OK
9
OK
4
OK
OK
OK
OK
14
OK
13
OK
OK
OK
12
OK
12
15
OK
16
-1
-1
OK
5
1
